C51 COMPILER V6.12  TEXT                                                                   07/20/2015 16:37:39 PAGE 1   


C51 COMPILER V6.12, COMPILATION OF MODULE TEXT
OBJECT MODULE PLACED IN .\text.OBJ
COMPILER INVOKED BY: e:\Keil\C51\BIN\C51.EXE .\text.c OPTIMIZE(9,SPEED) REGFILE(.\bark.ORC) DEBUG OBJECTEXTEND

stmt level    source

   1          
   2          
   3          char code s_copyright[] =  { 
   4                                       "\n\tBark Firmware ver.2.02  20.02.2015"// 
   5                                       "\n\tprocessor : ADuC842"
   6                                       "\n\tcompiler  : Keil mkVision2 V2.12 Cx51"
   7                                       "\n\tdeveloped by K.Rogatchev"                           
   8                                       "\n\tmodified  by A.Vzheshch"
   9          							 "\n\tmodified  by I.Fedorov"
  10                                     };
  11                                     
  12          char code s_debug[] = "DE";//DEBUG
  13          char code s_enter_debug[] = "\n";
  14          char code s_help[] = {
  15          "\n\tCV00 - Switch ON NORD19  (Wide   field)"
  16          "\n\tCV01 - Switch ON NORD300 (Narrow field)"
  17          "\n\tCV02 - Switch ON NORD75  (Middle field)"		
  18          "\n\tCH00 - Switch ON NORD19  (Wide   field)"
  19          "\n\tCH01 - Switch ON NORD300 (Narrow field)"
  20          "\n\tCH02 - Switch ON NORD75	(Middle field)"		
  21          "\n\tCT00 - bit5 = 0, bit7 = 0"
  22          "\n\tCT01 - bit5 = 0, bit7 = 1"
  23          "\n\tCT02 - bit5 = 1, bit7 = 0"	
  24          "\n\tCT03 - bit5 = 1, bit7 = 1"			
  25          "\n\t1    - One step of automat of the light (available under debug mode)"
  26          "\n\tM    - change mode automat to debug and vice versa"
  27          "\n\tw<aa><dd> \t- Write BYTE <dd> to FPGA @ address <aa>"
  28          "\n\tr<aa>\t\t- Read BYTE from FPGA @ address <aa>"
  29          "\n\tAS   - Adc mode auto focuses Stop"
  30          "\n\tAR   - Adc mode auto focuses Run"
  31          "\n\t\tE  - under runing Adc mode: auto focuses Exit"
  32          "\n\tAE   - exit debug mode adc without runnig auto focuses"
  33          "\n\tp?   - help for parametres manual changing"
  34          "\n\ts?   - help for settings of a camera's parametres"
  35          "\n\tf?   - focus parametres settings"
  36          };
  37          char code s_help_parameter[] = {
  38          "\n\t pe+   Parameter Exposure integral increment value"
  39          "\n\t pe-   Parameter Exposure integral decrement value"
  40          "\n\t pg+   Parameter Gain increment value"
  41          "\n\t pg-   Parameter Gain decrement value"
  42          "\n\t pf+   Parameter Frame exposure increment value"
  43          "\n\t pf-   Parameter Frame exposure decrement value"
  44          "\n\tpsr+   Parameter Shutter Rough increment value"
  45          "\n\tpsr-   Parameter Shutter Rough decrement value"
  46          "\n\t pn+   Parameter Narrow field focus increment value slowly " 
  47          "\n\t pn-   Parameter Narrow field focus decrement value slowly"
  48          "\n\t pn*   Par Narrow field focus increment value fast "
  49          "\n\t pn/   Par Narrow field focus decrement value fast"
  50          "\n\t pnn   Par Narrow field focus increment value continue near"
  51          "\n\t pnf   Par Narrow field focus decrement value continue far"
  52          "\n\t pn=   stop continue / request potentiometer data Narrow"
  53          "\n\t pm+   Parameter Middle field focus increment value slowly speed" 
  54          "\n\t pm-   Parameter Middle field focus decrement value slowly speed"
  55          "\n\t pm*   Par Middle field focus increment value fast speed"
C51 COMPILER V6.12  TEXT                                                                   07/20/2015 16:37:39 PAGE 2   

  56          "\n\t pm/   Par Middle field focus decrement value fast speed"
  57          "\n\t pmn   Par Middle field focus increment value continue to near"
  58          "\n\t pmf   Par Middle field focus decrement value continue to far"
  59          "\n\t pm=   stop continue /request potentiometer data Middle "
  60          "\n\t pt    request temperature data (t-next request)"
  61                                };
  62          char code s_help_settings[] = {
  63          "\n\tssrv<dd><dd> Set Parameter Shutter Rough Value"
  64          "\n\tssrl<dd><dd> Set Parameter Shutter Rough Limit value"
  65          "\n\tsgv <dd><dd> Set Parameter Gain Value"
  66          "\n\tsev <dd><dd> Set Parameter Exposure integral value"
  67          "\n\tsni<dd>      Set Parameter Narrow Infinity"
  68          "\n\tsne<dd>      Set Parameter Narrow Error"
  69          "\n\tsmi<dd>      Set Parameter Middle Infinity"
  70          "\n\tsme<dd>      Set Parameter Middle Error"
  71          "\n\tsmo          Set Middle Open  filter"
  72          "\n\tsmc          Set Middle Close filter"
  73          "\n\tsmi<dd>      Set Middle Infinity to<dd>"
  74          "\n\tsno          Set Narrow Open  filter"
  75          "\n\tsnc          Set Narrow Close filter"
  76          "\n\tsni<dd>      Set Narrow Infinity to<dd>"
  77          "\n\tsne<dd>      Set AnalogError to<dd> for Both channel"
  78          "\n\tswo          Set Wide   Open  filter"
  79          "\n\tswc          Set Wide   Close filter"
  80          "\n\tsao          Set All channel Open  filters"
  81          "\n\tsac          Set All channel Close filters"
  82          "\n\tsc<dd>       Set view & ctrl to channel #<dd>"
  83          "\n\tsd           Set default constants for focuses"
  84          "\n\ts#           Set camera ME-108 Serial Number"
  85          "\n\tsl           Set loaded date"
  86          };
  87          
  88          char code s_debug_error[] = "\n^Error\a";
  89          //char code s_debug_prompt[] = "\n-";
  90          char code s_hist_error[] = "\nHist not r-dy";
  91          char code s_ram_error[] = "\nRAM not r-dy";
  92          //char code s_sum[] = " Summ=";
  93          char code s_int_rs485[] = "\nRS485!";
  94          
  95          char code s_exit_adc_debug[] = "\nexit adc debug!";
  96          char code s_adc_channel3[] = "\n single ADC mode 2_4; adc channel 3!";
  97          char code s_adc_channel4[] = "\n single ADC mode 1_5; adc channel 4!";
  98          char code s_adc_channel5[] = "\n single ADC mode temp sense; adc channel 5!";
  99          char code s_single_ADC_mode[] = "single ADC mode!";
 100          char code s_cont_ADC_mode[] = "continuous ADC mode!";
 101          
 102          
 103          
 104          
 105          
 106          
 107          
 108          
 109          
 110          
 111          
 112          
 113          
 114          
 115          
 116          
 117          
C51 COMPILER V6.12  TEXT                                                                   07/20/2015 16:37:39 PAGE 3   

 118          


MODULE INFORMATION:   STATIC OVERLAYABLE
   CODE SIZE        =   ----    ----
   CONSTANT SIZE    =   3527    ----
   XDATA SIZE       =   ----    ----
   PDATA SIZE       =   ----    ----
   DATA SIZE        =   ----    ----
   IDATA SIZE       =   ----    ----
   BIT SIZE         =   ----    ----
END OF MODULE INFORMATION.


C51 COMPILATION COMPLETE.  0 WARNING(S),  0 ERROR(S)
